Program
  List
    FuncDecl
      IntType
      FuncIdDecl
      List
      Block
        List
