Error at line 2: symbol 'a' is already declared!
Error at line 3: symbol 'a' is already declared!
