Error at line 4: symbol 'a' is already declared!
Error at line 7: symbol 'a' is already declared!
