Error at line 5: symbol 'a' is not declared
Error at line 6: symbol 'a' is not declared
