Program
  List
    FuncDecl
      IdDecl
      Opt
        List
          IdDecl
          IdDecl
      Block
        Opt
    FuncDecl
      IdDecl
      Opt
      Block
        Opt