
int gcd1() { 
 while(a != b) {  
  if(a > b) {   
   a = a - b;
  } else {   
   b = b - a;
  }
 }
 return a;
}

int gcd2(int a,int b) { 
}

int main(int a,int b) { 
 int a;
 int b;
 a = read();
 b = read();
 print(gcd1(a,b));
 print(gcd2(a,b));
 return 0;
}
