Program
  List
    FuncDecl
      IdDecl
      List
      Block
        List
          AssignStmt
            IdUseExpr
            Sub
              Add
                IdUseExpr
                Mul
                  Mul
                    Mul
                      IdUseExpr
                      IntLiteral
                    IdUseExpr
                  IntLiteral
              IntLiteral
