Program
  List
    FuncDecl
      IdDecl
      List
      Block
        List
