Program
  List
    FuncDecl
      IdDecl
      List
        IdDecl
        IdDecl
      Block
        List
    FuncDecl
      IdDecl
      List
      Block
        List
